Parsed test spec with 1 sessions

starting permutation: down_segments
step down_segments: select dbid, content, status, role, preferred_role, mode from gp_segment_configuration where status = 'd' or preferred_role != role;
dbid           content        status         role           preferred_role mode           

