-- start_ignore
create language plpythonu;
-- end_ignore
CREATE OR REPLACE FUNCTION db_dirs(dboid oid) RETURNS setof text
  STRICT STABLE LANGUAGE plpythonu
as $$
import os
p = os.popen("find $MASTER_DATA_DIRECTORY/../.. -name %d -type d" % dboid)
return p.readlines()
$$;
-- inject fault on content0 primary to error out after copying
-- template db directory
select gp_inject_fault2('create_db_after_file_copy', 'error', dbid, hostname, port)
from gp_segment_configuration where content=0 and role='p';
 gp_inject_fault2 
------------------
 Success:
(1 row)

-- should fail
create database db_with_leftover_files;
ERROR:  fault triggered, fault name:'create_db_after_file_copy' fault type:'error'  (seg0 127.0.0.1:25432 pid=25497)
set gp_select_invisible=on;
select count(*)=0 as result from
  (select db_dirs(oid) from pg_database where datname = 'db_with_leftover_files') as foo;
 result 
--------
 t
(1 row)

-- start_ignore
select db_dirs(oid) from pg_database where datname = 'db_with_leftover_files';
-- end_ignore
-- cleanup
set gp_select_invisible=off;
select gp_inject_fault2('create_db_after_file_copy', 'reset', dbid, hostname, port)
from gp_segment_configuration where content=0 and role='p';
 gp_inject_fault2 
------------------
 Success:
(1 row)

